
> music-store-api@1.0.0 start
> node src/server.js

Music Store API running on http://localhost:5000
GET /api/health 200 1.652 ms - 15
GET /api/health 200 0.288 ms - 15
POST /api/auth/staff-login 200 285.653 ms - 495
GET /api/staff/products 200 20.600 ms - 16498
GET /api/products?limit=100 200 15.408 ms - 16498
GET /api/categories 200 2.018 ms - 1675
POST /api/auth/staff-login 200 388.678 ms - 495
GET /api/auth/me 304 10.341 ms - -
GET /api/auth/me 304 6.992 ms - -
GET /api/cart 304 22.446 ms - -
GET /api/cart 304 12.375 ms - -
GET /api/auth/me 304 2.955 ms - -
GET /api/auth/me 304 3.096 ms - -
GET /api/cart 304 8.954 ms - -
GET /api/cart 304 10.220 ms - -
GET /api/categories 304 3.702 ms - -
GET /api/categories 304 2.809 ms - -
GET /api/products?sort=newest&limit=100 200 12.246 ms - 16498
GET /api/orders/mine 304 19.865 ms - -
GET /api/orders/mine 304 10.422 ms - -
GET /api/categories 304 4.526 ms - -
GET /api/categories 304 3.061 ms - -
GET /api/products?sort=newest&limit=100 304 15.099 ms - -
GET /api/products?category=6a9a4983ab7408b66e435628&sort=newest&limit=100 200 7.363 ms - 2096
GET /api/products?category=6a9a4983ab7408b66e435628&available=true&sort=newest&limit=100 200 8.985 ms - 2096
GET /api/products?category=6a9a4983ab7408b66e435628&available=true&sort=price_asc&limit=100 200 14.561 ms - 2096
GET /api/auth/me 401 1.287 ms - 37
GET /api/auth/me 401 0.528 ms - 37
POST /api/auth/staff-login 200 426.980 ms - 495
GET /api/auth/me 200 3.003 ms - 288
GET /api/auth/me 304 2.565 ms - -
GET /api/categories 200 3.219 ms - 1675
GET /api/categories 304 2.932 ms - -
GET /api/auth/me 304 7.308 ms - -
GET /api/auth/me 304 3.233 ms - -
GET /api/categories 304 2.419 ms - -
GET /api/categories 304 2.656 ms - -
GET /api/orders/mine 304 37.338 ms - -
GET /api/orders/mine 304 44.192 ms - -
GET /api/categories 304 3.481 ms - -
GET /api/categories 304 11.102 ms - -
GET /api/products?sort=newest&limit=100 304 18.370 ms - -
GET /api/auth/me 304 3.573 ms - -
GET /api/auth/me 304 1.601 ms - -
GET /api/cart 304 4.610 ms - -
GET /api/cart 304 5.230 ms - -
POST /api/auth/staff-login 200 266.063 ms - 495
GET /api/staff/dashboard 200 72.321 ms - 1737
GET /api/staff/dashboard 304 7.983 ms - -
GET /api/staff/products 200 16.967 ms - 16498
GET /api/staff/products 304 10.656 ms - -
GET /api/staff/sales?page=1 200 13.452 ms - 861
GET /api/staff/sales?page=1 304 9.395 ms - -
GET /api/staff/reports?type=daily 200 12.925 ms - 430
GET /api/staff/reports?type=daily 200 8.110 ms - 430
GET /api/staff/reports?type=daily 200 10.966 ms - 430
GET /api/staff/reports?type=daily 200 9.489 ms - 430
GET /api/staff/sales?page=1 304 14.089 ms - -
GET /api/staff/sales?page=1 304 9.309 ms - -
GET /api/staff/products 304 11.514 ms - -
GET /api/staff/products 304 10.383 ms - -
GET /api/staff/dashboard 304 10.599 ms - -
GET /api/staff/dashboard 304 9.635 ms - -
GET /api/staff/products 304 27.554 ms - -
GET /api/staff/products 304 9.370 ms - -
GET /api/staff/sales?page=1 304 9.124 ms - -
GET /api/staff/sales?page=1 304 11.732 ms - -
GET /api/staff/reports?type=daily 200 9.857 ms - 430
GET /api/staff/reports?type=daily 200 10.322 ms - 430
GET /api/staff/sales?page=1 304 32.970 ms - -
GET /api/staff/sales?page=1 304 16.114 ms - -
GET /api/staff/reports?type=daily 200 12.728 ms - 430
GET /api/staff/reports?type=daily 200 8.706 ms - 430
GET /api/staff/dashboard 304 11.405 ms - -
GET /api/staff/dashboard 304 9.546 ms - -
POST /api/auth/logout 200 32.112 ms - 24
GET /api/products?featured=true&limit=6 200 7.069 ms - 4117
GET /api/products?featured=true&limit=6 304 4.216 ms - -
POST /api/auth/login 200 274.450 ms - 443
GET /api/cart 304 7.042 ms - -
GET /api/products?featured=true&limit=6 304 6.011 ms - -
GET /api/products?featured=true&limit=6 304 4.968 ms - -
POST /api/auth/logout 200 29.276 ms - 24
POST /api/auth/login 200 267.440 ms - 443
GET /api/cart 304 7.695 ms - -
GET /api/products?featured=true&limit=6 304 6.226 ms - -
GET /api/products?featured=true&limit=6 304 6.974 ms - -
GET /api/products?featured=true&limit=6 304 6.326 ms - -
GET /api/products?featured=true&limit=6 304 7.827 ms - -
GET /api/categories 304 3.233 ms - -
GET /api/categories 304 2.134 ms - -
GET /api/products?sort=newest&limit=100 304 15.032 ms - -
GET /api/orders/mine 200 8.448 ms - 1019
GET /api/orders/mine 304 7.176 ms - -
POST /api/auth/logout 200 22.880 ms - 24
GET /api/products?featured=true&limit=6 304 10.196 ms - -
GET /api/products?featured=true&limit=6 304 5.617 ms - -
GET /api/products?featured=true&limit=6 304 5.705 ms - -
GET /api/products?featured=true&limit=6 304 4.401 ms - -
GET /api/categories 304 2.265 ms - -
GET /api/categories 304 3.321 ms - -
GET /api/products?sort=newest&limit=100 304 5.832 ms - -
POST /api/auth/login 200 291.752 ms - 443
GET /api/cart 304 9.364 ms - -
GET /api/products?featured=true&limit=6 304 6.472 ms - -
GET /api/products?featured=true&limit=6 304 8.173 ms - -
POST /api/auth/logout 200 17.712 ms - 24
POST /api/auth/staff-login 200 277.953 ms - 495
POST /api/auth/staff-login 200 389.008 ms - 495
POST /api/auth/login 200 264.612 ms - 443
GET /api/cart 304 11.087 ms - -
GET /api/products?featured=true&limit=6 304 16.657 ms - -
GET /api/products?featured=true&limit=6 304 11.369 ms - -
GET /api/products?featured=true&limit=6 304 8.621 ms - -
POST /api/auth/logout 200 26.161 ms - 24
GET /api/products?featured=true&limit=6 304 7.224 ms - -
POST /api/auth/login 200 287.380 ms - 443
GET /api/cart 304 9.447 ms - -
GET /api/products?featured=true&limit=6 304 8.228 ms - -
GET /api/products?featured=true&limit=6 304 4.972 ms - -
GET /api/auth/me 200 9.532 ms - 236
GET /api/products?featured=true&limit=6 304 16.939 ms - -
GET /api/auth/me 304 9.278 ms - -
GET /api/products?featured=true&limit=6 304 14.064 ms - -
GET /api/cart 304 13.309 ms - -
GET /api/cart 304 8.310 ms - -
GET /api/categories 304 4.647 ms - -
GET /api/auth/me 304 6.850 ms - -
GET /api/categories 304 9.551 ms - -
GET /api/auth/me 304 3.605 ms - -
GET /api/cart 304 11.339 ms - -
GET /api/cart 304 10.533 ms - -
GET /api/products?sort=newest&limit=100 304 21.976 ms - -
GET /api/auth/me 304 212.608 ms - -
GET /api/categories 304 23.263 ms - -
GET /api/auth/me 304 34.945 ms - -
GET /api/products?featured=true&limit=6 304 367.840 ms - -
GET /api/categories 304 29.684 ms - -
GET /api/auth/me 304 18.990 ms - -
GET /api/cart 304 156.580 ms - -
GET /api/auth/me 304 129.721 ms - -
GET /api/products?featured=true&limit=6 304 300.472 ms - -
GET /api/cart 304 45.800 ms - -
GET /api/cart 304 7.774 ms - -
GET /api/cart 304 16.749 ms - -
GET /api/products?sort=newest&limit=100 304 14.464 ms - -
